// Vitest Snapshot v1, https://vitest.dev/guide/snapshot.html

exports[`HTMLRx Class > Get an HTML tag with a specific attribute, matchTag() > ,,9 | <(\\/?)\\s*([^\\s\\/>]+)([^>]*)(?<!\\/)(\\/?)> 1`] = `
[
  "<html dark>",
  "",
  "html",
  " dark",
  "",
]
`;

exports[`HTMLRx Class > Get an HTML tag with a specific attribute, matchTag() > ,,required | <(\\/?)\\s*([^\\s\\/>]+)([^>]*)(?<!\\/)(\\/?)> 1`] = `
[
  "<html dark>",
  "",
  "html",
  " dark",
  "",
]
`;

exports[`HTMLRx Class > Get an HTML tag with a specific attribute, matchTag() > ,href | <(\\/?)\\s*([^\\s\\/>]+)([^>]*)(?<!\\/)(\\/?)> 1`] = `
[
  "<html dark>",
  "",
  "html",
  " dark",
  "",
]
`;

exports[`HTMLRx Class > Get an HTML tag with a specific attribute, matchTag() > ,num | <(\\/?)\\s*([^\\s\\/>]+)([^>]*)(?<!\\/)(\\/?)> 1`] = `
[
  "<html dark>",
  "",
  "html",
  " dark",
  "",
]
`;

exports[`HTMLRx Class > Get an HTML tag with a specific attribute, matchTag() > details,class,test | <(\\/?)\\s*([^\\s\\/>]+)([^>]*)(?<!\\/)(\\/?)> 1`] = `
[
  "<html dark>",
  "",
  "html",
  " dark",
  "",
]
`;

exports[`HTMLRx Class > Get an HTML tag with a specific attribute, matchTag() > html,dark | <(\\/?)\\s*([^\\s\\/>]+)([^>]*)(?<!\\/)(\\/?)> 1`] = `
[
  "<html dark>",
  "",
  "html",
  " dark",
  "",
]
`;

exports[`HTMLRx Class > Get an HTML tag with a specific attribute, matchTag() > input,type,email | <(\\/?)\\s*([^\\s\\/>]+)([^>]*)(?<!\\/)(\\/?)> 1`] = `
[
  "<html dark>",
  "",
  "html",
  " dark",
  "",
]
`;

exports[`HTMLRx Class > Get an HTML tag with a specific attribute, matchTag() > nonexistent | <(\\/?)\\s*([^\\s\\/>]+)([^>]*)(?<!\\/)(\\/?)> 1`] = `
[
  "<html dark>",
  "",
  "html",
  " dark",
  "",
]
`;

exports[`HTMLRx Class > Get close tag from open tag index, getTagClose() > dark 1`] = `
[
  "<html dark>",
  "</html>",
  "<html dark>
      <head>
        <meta charset=\\"utf-8\\">
        <title>Test Page</title>
        <link rel=\\"stylesheet\\" href=\\"styles.css\\">
      </head>
      <body>
        <header>
          <nav>
            <ul>
              <li><a href=\\"#\\">Home</a></li>
              <li><a href=\\"#\\">About</a></li>
              <li><a href=\\"#\\">Contact</a></li>
            </ul>
          </nav>
        </header>
        <main>
          <h1 num=1>Welcome to my test page</h1>
          <p>This is a test page that includes all the basic HTML elements.</p>
          <form>
            <label for=\\"name\\">Name:</label>
            <input type=\\"text\\" id=\\"name\\" name=\\"name\\" required/>
            <label for=\\"email\\">Email:</label>
            <input type=\\"email\\" id=\\"email\\" name=\\"email\\" required/>
            <label for=\\"message\\">Message:</label>
            <textarea id=\\"message\\" name=\\"message\\" required></textarea>
            <button type=\\"submit\\">Send</button>
          </form>
        </main>
        <footer>
          <p>Copyright &copy; 2023</p>
        </footer>
      </body>
    </html>",
]
`;

exports[`HTMLRx Class > Get close tag from open tag index, getTagClose() > for 1`] = `
[
  "<html dark>",
  "</html>",
  "<html dark>
      <head>
        <meta charset=\\"utf-8\\">
        <title>Test Page</title>
        <link rel=\\"stylesheet\\" href=\\"styles.css\\">
      </head>
      <body>
        <header>
          <nav>
            <ul>
              <li><a href=\\"#\\">Home</a></li>
              <li><a href=\\"#\\">About</a></li>
              <li><a href=\\"#\\">Contact</a></li>
            </ul>
          </nav>
        </header>
        <main>
          <h1 num=1>Welcome to my test page</h1>
          <p>This is a test page that includes all the basic HTML elements.</p>
          <form>
            <label for=\\"name\\">Name:</label>
            <input type=\\"text\\" id=\\"name\\" name=\\"name\\" required/>
            <label for=\\"email\\">Email:</label>
            <input type=\\"email\\" id=\\"email\\" name=\\"email\\" required/>
            <label for=\\"message\\">Message:</label>
            <textarea id=\\"message\\" name=\\"message\\" required></textarea>
            <button type=\\"submit\\">Send</button>
          </form>
        </main>
        <footer>
          <p>Copyright &copy; 2023</p>
        </footer>
      </body>
    </html>",
]
`;

exports[`HTMLRx Class > Get close tag from open tag index, getTagClose() > href 1`] = `
[
  "<html dark>",
  "</html>",
  "<html dark>
      <head>
        <meta charset=\\"utf-8\\">
        <title>Test Page</title>
        <link rel=\\"stylesheet\\" href=\\"styles.css\\">
      </head>
      <body>
        <header>
          <nav>
            <ul>
              <li><a href=\\"#\\">Home</a></li>
              <li><a href=\\"#\\">About</a></li>
              <li><a href=\\"#\\">Contact</a></li>
            </ul>
          </nav>
        </header>
        <main>
          <h1 num=1>Welcome to my test page</h1>
          <p>This is a test page that includes all the basic HTML elements.</p>
          <form>
            <label for=\\"name\\">Name:</label>
            <input type=\\"text\\" id=\\"name\\" name=\\"name\\" required/>
            <label for=\\"email\\">Email:</label>
            <input type=\\"email\\" id=\\"email\\" name=\\"email\\" required/>
            <label for=\\"message\\">Message:</label>
            <textarea id=\\"message\\" name=\\"message\\" required></textarea>
            <button type=\\"submit\\">Send</button>
          </form>
        </main>
        <footer>
          <p>Copyright &copy; 2023</p>
        </footer>
      </body>
    </html>",
]
`;

exports[`HTMLRx Class > Get close tag from open tag index, getTagClose() > num 1`] = `
[
  "<html dark>",
  "</html>",
  "<html dark>
      <head>
        <meta charset=\\"utf-8\\">
        <title>Test Page</title>
        <link rel=\\"stylesheet\\" href=\\"styles.css\\">
      </head>
      <body>
        <header>
          <nav>
            <ul>
              <li><a href=\\"#\\">Home</a></li>
              <li><a href=\\"#\\">About</a></li>
              <li><a href=\\"#\\">Contact</a></li>
            </ul>
          </nav>
        </header>
        <main>
          <h1 num=1>Welcome to my test page</h1>
          <p>This is a test page that includes all the basic HTML elements.</p>
          <form>
            <label for=\\"name\\">Name:</label>
            <input type=\\"text\\" id=\\"name\\" name=\\"name\\" required/>
            <label for=\\"email\\">Email:</label>
            <input type=\\"email\\" id=\\"email\\" name=\\"email\\" required/>
            <label for=\\"message\\">Message:</label>
            <textarea id=\\"message\\" name=\\"message\\" required></textarea>
            <button type=\\"submit\\">Send</button>
          </form>
        </main>
        <footer>
          <p>Copyright &copy; 2023</p>
        </footer>
      </body>
    </html>",
]
`;

exports[`HTMLRx Class > Get close tag from open tag index, getTagClose() > required 1`] = `
[
  "<html dark>",
  "</html>",
  "<html dark>
      <head>
        <meta charset=\\"utf-8\\">
        <title>Test Page</title>
        <link rel=\\"stylesheet\\" href=\\"styles.css\\">
      </head>
      <body>
        <header>
          <nav>
            <ul>
              <li><a href=\\"#\\">Home</a></li>
              <li><a href=\\"#\\">About</a></li>
              <li><a href=\\"#\\">Contact</a></li>
            </ul>
          </nav>
        </header>
        <main>
          <h1 num=1>Welcome to my test page</h1>
          <p>This is a test page that includes all the basic HTML elements.</p>
          <form>
            <label for=\\"name\\">Name:</label>
            <input type=\\"text\\" id=\\"name\\" name=\\"name\\" required/>
            <label for=\\"email\\">Email:</label>
            <input type=\\"email\\" id=\\"email\\" name=\\"email\\" required/>
            <label for=\\"message\\">Message:</label>
            <textarea id=\\"message\\" name=\\"message\\" required></textarea>
            <button type=\\"submit\\">Send</button>
          </form>
        </main>
        <footer>
          <p>Copyright &copy; 2023</p>
        </footer>
      </body>
    </html>",
]
`;

exports[`HTMLRx Class > Get close tag from open tag index, getTagClose() > type 1`] = `
[
  "<html dark>",
  "</html>",
  "<html dark>
      <head>
        <meta charset=\\"utf-8\\">
        <title>Test Page</title>
        <link rel=\\"stylesheet\\" href=\\"styles.css\\">
      </head>
      <body>
        <header>
          <nav>
            <ul>
              <li><a href=\\"#\\">Home</a></li>
              <li><a href=\\"#\\">About</a></li>
              <li><a href=\\"#\\">Contact</a></li>
            </ul>
          </nav>
        </header>
        <main>
          <h1 num=1>Welcome to my test page</h1>
          <p>This is a test page that includes all the basic HTML elements.</p>
          <form>
            <label for=\\"name\\">Name:</label>
            <input type=\\"text\\" id=\\"name\\" name=\\"name\\" required/>
            <label for=\\"email\\">Email:</label>
            <input type=\\"email\\" id=\\"email\\" name=\\"email\\" required/>
            <label for=\\"message\\">Message:</label>
            <textarea id=\\"message\\" name=\\"message\\" required></textarea>
            <button type=\\"submit\\">Send</button>
          </form>
        </main>
        <footer>
          <p>Copyright &copy; 2023</p>
        </footer>
      </body>
    </html>",
]
`;
